MISSING_SEMICOLON 1
MISSING_SEMICOLON 6
